// Vitest Snapshot v1, https://vitest.dev/guide/snapshot.html

exports[`renders Loading component correctly 1`] = `
<DocumentFragment>
  <div
    class="loading active"
  />
</DocumentFragment>
`;
