// Vitest Snapshot v1, https://vitest.dev/guide/snapshot.html

exports[`renders NotFound component correctly 1`] = `undefined`;
