// Vitest Snapshot v1, https://vitest.dev/guide/snapshot.html

exports[`renders Game component correctly with mock data 1`] = `undefined`;
