// Vitest Snapshot v1, https://vitest.dev/guide/snapshot.html

exports[`renders Timer component correctly 1`] = `
<DocumentFragment>
  <span
    aria-label="Timer"
  >
    00:00:00
  </span>
</DocumentFragment>
`;
